C51 COMPILER V9.01   MAIN                                                                  05/01/2016 22:02:25 PAGE 1   


C51 COMPILER V9.01, COMPILATION OF MODULE MAIN
OBJECT MODULE PLACED IN main.OBJ
COMPILER INVOKED BY: D:\software\KEILC51\C51\BIN\C51.EXE main.c LARGE BROWSE DEBUG OBJECTEXTEND

line level    source

   1          #include "stc12c5a60s2.h"
   2          #include "Display.h"
   3          #include "DS1302.h"
   4          #include "UART.h"
   5          #include "Timer.h"
   6          #include "Data_store.h"
   7          #include <intrins.h> 
   8          #include <stdio.h>
   9          
  10          void Init_Task(void)
  11          {
  12   1      
  13   1              Ds1302_Init();
  14   1      #ifdef __DEBUG__
                      Ds1302_Write_Time();
              #endif
  17   1              Timer_Init();
  18   1              UART_Init();
  19   1              IAP_Task();
  20   1              EA = 1;                 
  21   1              SendStr("Timeless V1.0\n");
  22   1      }
  23          
  24          void Process_Task(void)
  25          {
  26   1              if(Get_Boot_Flag())
  27   1              {
  28   2                      Update_Time_Task();
  29   2                      Read_Time_Task();               
  30   2                      Display_Task();
  31   2      
  32   2              }
  33   1              else
  34   1              {
  35   2                       SendStr("Timeless Imformations has been stolen!\n");
  36   2              }       
  37   1      }
  38          
  39          /*------------------------------------------------
  40                             Ö÷³ÌÐò
  41          ------------------------------------------------*/
  42          void main(void)
  43          {
  44   1              Init_Task();
  45   1              while(1)
  46   1              {
  47   2                       Process_Task();
  48   2              }
  49   1      }
  50          
  51          


MODULE INFORMATION:   STATIC OVERLAYABLE
   CODE SIZE        =     56    ----
C51 COMPILER V9.01   MAIN                                                                  05/01/2016 22:02:25 PAGE 2   

   CONSTANT SIZE    =     55    ----
   XDATA SIZE       =   ----    ----
   PDATA SIZE       =   ----    ----
   DATA SIZE        =   ----    ----
   IDATA SIZE       =   ----    ----
   BIT SIZE         =   ----    ----
END OF MODULE INFORMATION.


C51 COMPILATION COMPLETE.  0 WARNING(S),  0 ERROR(S)
