C51 COMPILER V9.01   MAIN                                                                  06/19/2016 20:43:12 PAGE 1   


C51 COMPILER V9.01, COMPILATION OF MODULE MAIN
OBJECT MODULE PLACED IN main.OBJ
COMPILER INVOKED BY: D:\software\KEILC51\C51\BIN\C51.EXE main.c LARGE BROWSE DEFINE(__WEI__) DEBUG OBJECTEXTEND

line level    source

   1          #include "stc12c5a60s2.h"
   2          #include "Display.h"
   3          #include "DS1302.h"
   4          #include "UART.h"
   5          #include "Timer.h"
   6          #include "Data_store.h"
   7          #include <intrins.h> 
   8          #include <stdio.h>
   9          
  10          
  11          /*
  12           * 初始化任务
  13           */
  14          void Init_Task(void)
  15          {
  16   1      
  17   1              Ds1302_Init();
  18   1      #ifdef __DEBUG__
                      Ds1302_Write_Time();
              #endif
  21   1              Timer_Init();
  22   1              UART_Init();
  23   1              IAP_Task();
  24   1              EA = 1;                 
  25   1              SendStr(" Timeless V2.0,Compiled about: ");
  26   1              SendStr(__DATE__);
  27   1              SendStr(",");
  28   1              SendStr(__TIME__);
  29   1              SendStr(".\n");
  30   1      }
  31          
  32          /*
  33           * 主进程任务
  34           */
  35          void Process_Task(void)
  36          {
  37   1              if(Get_Boot_Flag())
  38   1              {
  39   2                      if(Get_Read_Time_Flag())
  40   2                      {
  41   3                              Read_Time_Task();
  42   3      
  43   3                      }       
  44   2                      else
  45   2                      {
  46   3                              Display_Task();
  47   3                              Update_Time_Task();             
  48   3                      }       
  49   2              }
  50   1              else
  51   1              {
  52   2                       SendStr("Timeless Imformations has been stolen!\n");
  53   2              }       
  54   1      }
  55          
C51 COMPILER V9.01   MAIN                                                                  06/19/2016 20:43:12 PAGE 2   

  56          /*------------------------------------------------
  57                             主程序
  58          ------------------------------------------------*/
  59          void main(void)
  60          {
  61   1              Init_Task();
  62   1              while(1)
  63   1              {
  64   2                       Process_Task();
  65   2              }
  66   1      }
  67          
  68          


MODULE INFORMATION:   STATIC OVERLAYABLE
   CODE SIZE        =     98    ----
   CONSTANT SIZE    =     98    ----
   XDATA SIZE       =   ----    ----
   PDATA SIZE       =   ----    ----
   DATA SIZE        =   ----    ----
   IDATA SIZE       =   ----    ----
   BIT SIZE         =   ----    ----
END OF MODULE INFORMATION.


C51 COMPILATION COMPLETE.  0 WARNING(S),  0 ERROR(S)
